// Jest Snapshot v1, https://goo.gl/fbAQLP

exports[`Component NewTask start render component 1`] = `
ShallowWrapper {
  "length": 1,
  Symbol(enzyme.__root__): [Circular],
  Symbol(enzyme.__unrendered__): <NewTask
    listId={1}
  />,
  Symbol(enzyme.__renderer__): Object {
    "batchedUpdates": [Function],
    "getNode": [Function],
    "render": [Function],
    "simulateEvent": [Function],
    "unmount": [Function],
  },
  Symbol(enzyme.__node__): Object {
    "instance": null,
    "key": undefined,
    "nodeType": "host",
    "props": Object {
      "children": <form
        className="td-new-task-add-form"
        onSubmit={[Function]}
      >
        <input
          className="td-new-task-add-text"
          onChange={[Function]}
          placeholder="Add new task in this list"
          value=""
        />
        <button
          className="td-new-task-add-btn"
          type="submit"
        >
          Add
        </button>
      </form>,
      "className": "td-new-task-wrap",
    },
    "ref": null,
    "rendered": Object {
      "instance": null,
      "key": undefined,
      "nodeType": "host",
      "props": Object {
        "children": Array [
          <input
            className="td-new-task-add-text"
            onChange={[Function]}
            placeholder="Add new task in this list"
            value=""
          />,
          <button
            className="td-new-task-add-btn"
            type="submit"
          >
            Add
          </button>,
        ],
        "className": "td-new-task-add-form",
        "onSubmit": [Function],
      },
      "ref": null,
      "rendered": Array [
        Object {
          "instance": null,
          "key": undefined,
          "nodeType": "host",
          "props": Object {
            "className": "td-new-task-add-text",
            "onChange": [Function],
            "placeholder": "Add new task in this list",
            "value": "",
          },
          "ref": null,
          "rendered": null,
          "type": "input",
        },
        Object {
          "instance": null,
          "key": undefined,
          "nodeType": "host",
          "props": Object {
            "children": "Add",
            "className": "td-new-task-add-btn",
            "type": "submit",
          },
          "ref": null,
          "rendered": "Add",
          "type": "button",
        },
      ],
      "type": "form",
    },
    "type": "div",
  },
  Symbol(enzyme.__nodes__): Array [
    Object {
      "instance": null,
      "key": undefined,
      "nodeType": "host",
      "props": Object {
        "children": <form
          className="td-new-task-add-form"
          onSubmit={[Function]}
        >
          <input
            className="td-new-task-add-text"
            onChange={[Function]}
            placeholder="Add new task in this list"
            value=""
          />
          <button
            className="td-new-task-add-btn"
            type="submit"
          >
            Add
          </button>
        </form>,
        "className": "td-new-task-wrap",
      },
      "ref": null,
      "rendered": Object {
        "instance": null,
        "key": undefined,
        "nodeType": "host",
        "props": Object {
          "children": Array [
            <input
              className="td-new-task-add-text"
              onChange={[Function]}
              placeholder="Add new task in this list"
              value=""
            />,
            <button
              className="td-new-task-add-btn"
              type="submit"
            >
              Add
            </button>,
          ],
          "className": "td-new-task-add-form",
          "onSubmit": [Function],
        },
        "ref": null,
        "rendered": Array [
          Object {
            "instance": null,
            "key": undefined,
            "nodeType": "host",
            "props": Object {
              "className": "td-new-task-add-text",
              "onChange": [Function],
              "placeholder": "Add new task in this list",
              "value": "",
            },
            "ref": null,
            "rendered": null,
            "type": "input",
          },
          Object {
            "instance": null,
            "key": undefined,
            "nodeType": "host",
            "props": Object {
              "children": "Add",
              "className": "td-new-task-add-btn",
              "type": "submit",
            },
            "ref": null,
            "rendered": "Add",
            "type": "button",
          },
        ],
        "type": "form",
      },
      "type": "div",
    },
  ],
  Symbol(enzyme.__options__): Object {
    "adapter": ReactSixteenAdapter {
      "options": Object {
        "enableComponentDidUpdateOnSetState": true,
      },
    },
  },
}
`;
